*** Booting Zephyr OS build 4a405846193f ***
REPLAY 43300 entries
MIN full trace fails: 1
MIN suffix start 41070 (2227 entries), fails=1, 15 tests
MIN chunk 1113: 2226 entries left, 18 tests
MIN chunk 556: 1670 entries left, 23 tests
MIN chunk 278: 1670 entries left, 30 tests
MIN chunk 139: 1670 entries left, 43 tests
MIN chunk 69: 1670 entries left, 69 tests
MIN chunk 34: 1670 entries left, 120 tests
MIN chunk 17: 1653 entries left, 220 tests
MIN chunk 8: 1653 entries left, 429 tests
MIN chunk 4: 1645 entries left, 844 tests
MIN chunk 2: 1645 entries left, 1667 tests
MIN chunk 1: 1642 entries left, 3312 tests
MIN final fails=0 fails=0
MINSEQ 41070 0x170ba4 2
MINSEQ 41071 0x070080 16
MINSEQ 41072 0x070080 16
MINSEQ 41073 0x070090 12
MINSEQ 41074 0x070090 12
MINSEQ 41075 0x070128 12
MINSEQ 41076 0x070128 12
MINSEQ 41077 0x070158 12
MINSEQ 41078 0x070158 12
MINSEQ 41079 0x0701a8 12
MINSEQ 41080 0x0701a8 12
MINSEQ 41081 0x0701d8 12
MINSEQ 41082 0x0701d8 12
MINSEQ 41083 0x070228 12
MINSEQ 41084 0x070228 12
MINSEQ 41085 0x070298 12
MINSEQ 41086 0x070298 12
MINSEQ 41087 0x070308 12
MINSEQ 41088 0x070308 12
MINSEQ 41089 0x07009c 136
MINSEQ 41090 0x07009c 136
MINSEQ 41091 0x070124 2
MINSEQ 41092 0x070124 2
MINSEQ 41093 0x0a0080 16
MINSEQ 41094 0x0a0080 16
MINSEQ 41095 0x0a0090 12
MINSEQ 41096 0x0a0090 12
MINSEQ 41097 0x0a0128 12
MINSEQ 41098 0x0a0128 12
MINSEQ 41099 0x0a01c0 12
MINSEQ 41100 0x0a01c0 12
MINSEQ 41101 0x0a0258 12
MINSEQ 41102 0x0a0258 12
MINSEQ 41103 0x0a02f0 12
MINSEQ 41104 0x0a02f0 12
MINSEQ 41105 0x0a0388 12
MINSEQ 41106 0x0a0388 12
MINSEQ 41107 0x0a0420 12
MINSEQ 41108 0x0a0420 12
MINSEQ 41109 0x0a04b8 12
MINSEQ 41110 0x0a04b8 12
MINSEQ 41111 0x0a0550 12
MINSEQ 41112 0x0a0550 12
MINSEQ 41113 0x0a05e8 12
MINSEQ 41114 0x0a05e8 12
MINSEQ 41115 0x0a0618 12
MINSEQ 41116 0x0a0618 12
MINSEQ 41117 0x0a06b0 12
MINSEQ 41118 0x0a06b0 12
MINSEQ 41119 0x0a0748 12
MINSEQ 41120 0x0a0748 12
MINSEQ 41121 0x0a0798 12
MINSEQ 41122 0x0a0798 12
MINSEQ 41123 0x0a0830 12
MINSEQ 41124 0x0a0830 12
MINSEQ 41125 0x0a08c8 12
MINSEQ 41126 0x0a08c8 12
MINSEQ 41127 0x0a0960 12
MINSEQ 41128 0x0a0960 12
MINSEQ 41129 0x0a09f8 12
MINSEQ 41130 0x0a09f8 12
MINSEQ 41131 0x0a0a28 12
MINSEQ 41132 0x0a0a28 12
MINSEQ 41133 0x0a0ac0 12
MINSEQ 41134 0x0a0ac0 12
MINSEQ 41135 0x0a0b58 12
MINSEQ 41136 0x0a0b58 12
MINSEQ 41137 0x0a0bc8 12
MINSEQ 41138 0x0a0bc8 12
MINSEQ 41139 0x0a0c18 12
MINSEQ 41140 0x0a0c18 12
MINSEQ 41141 0x0a0c88 12
MINSEQ 41142 0x0a0c88 12
MINSEQ 41143 0x0a0acc 136
MINSEQ 41144 0x0a0acc 136
MINSEQ 41145 0x0a0b54 2
MINSEQ 41146 0x0a0b54 2
MINSEQ 41147 0x070080 16
MINSEQ 41148 0x070080 16
MINSEQ 41149 0x070090 12
MINSEQ 41150 0x070090 12
MINSEQ 41151 0x070128 12
MINSEQ 41152 0x070128 12
MINSEQ 41153 0x070158 12
MINSEQ 41154 0x070158 12
MINSEQ 41155 0x0701a8 12
MINSEQ 41156 0x0701a8 12
MINSEQ 41157 0x0701d8 12
MINSEQ 41158 0x0701d8 12
MINSEQ 41159 0x070228 12
MINSEQ 41160 0x070228 12
MINSEQ 41161 0x070298 12
MINSEQ 41162 0x070298 12
MINSEQ 41163 0x070308 12
MINSEQ 41164 0x070308 12
MINSEQ 41165 0x07009c 136
MINSEQ 41166 0x07009c 136
MINSEQ 41167 0x070124 2
MINSEQ 41168 0x070124 2
MINSEQ 41169 0x0a0080 16
MINSEQ 41170 0x0a0080 16
MINSEQ 41171 0x0a0090 12
MINSEQ 41172 0x0a0090 12
MINSEQ 41173 0x0a0128 12
MINSEQ 41174 0x0a0128 12
MINSEQ 41175 0x0a01c0 12
MINSEQ 41176 0x0a01c0 12
MINSEQ 41177 0x0a0258 12
MINSEQ 41178 0x0a0258 12
MINSEQ 41179 0x0a02f0 12
MINSEQ 41180 0x0a02f0 12
MINSEQ 41181 0x0a0388 12
MINSEQ 41182 0x0a0388 12
MINSEQ 41183 0x0a0420 12
MINSEQ 41184 0x0a0420 12
MINSEQ 41185 0x0a04b8 12
MINSEQ 41186 0x0a04b8 12
MINSEQ 41187 0x0a0550 12
MINSEQ 41188 0x0a0550 12
MINSEQ 41189 0x0a05e8 12
MINSEQ 41190 0x0a05e8 12
MINSEQ 41191 0x0a0618 12
MINSEQ 41192 0x0a0618 12
MINSEQ 41193 0x0a06b0 12
MINSEQ 41194 0x0a06b0 12
MINSEQ 41195 0x0a0748 12
MINSEQ 41196 0x0a0748 12
MINSEQ 41197 0x0a0798 12
MINSEQ 41198 0x0a0798 12
MINSEQ 41199 0x0a0830 12
MINSEQ 41200 0x0a0830 12
MINSEQ 41201 0x0a08c8 12
MINSEQ 41202 0x0a08c8 12
MINSEQ 41203 0x0a0960 12
MINSEQ 41204 0x0a0960 12
MINSEQ 41205 0x0a09f8 12
MINSEQ 41206 0x0a09f8 12
MINSEQ 41207 0x0a0a28 12
MINSEQ 41208 0x0a0a28 12
MINSEQ 41209 0x0a0ac0 12
MINSEQ 41210 0x0a0ac0 12
MINSEQ 41211 0x0a0b58 12
MINSEQ 41212 0x0a0b58 12
MINSEQ 41213 0x0a0bc8 12
MINSEQ 41214 0x0a0bc8 12
MINSEQ 41215 0x0a0c18 12
MINSEQ 41216 0x0a0c18 12
MINSEQ 41217 0x0a0c88 12
MINSEQ 41218 0x0a0c88 12
MINSEQ 41219 0x0a0acc 136
MINSEQ 41220 0x0a0acc 136
MINSEQ 41221 0x0a0b54 2
MINSEQ 41222 0x0a0b54 2
MINSEQ 41223 0x070080 16
MINSEQ 41224 0x070080 16
MINSEQ 41225 0x070090 12
MINSEQ 41226 0x070090 12
MINSEQ 41227 0x070128 12
MINSEQ 41228 0x070128 12
MINSEQ 41229 0x070158 12
MINSEQ 41230 0x070158 12
MINSEQ 41231 0x0701a8 12
MINSEQ 41232 0x0701a8 12
MINSEQ 41233 0x0701d8 12
MINSEQ 41234 0x0701d8 12
MINSEQ 41235 0x070228 12
MINSEQ 41236 0x070228 12
MINSEQ 41237 0x070298 12
MINSEQ 41238 0x070298 12
MINSEQ 41239 0x070308 12
MINSEQ 41240 0x070308 12
MINSEQ 41241 0x07009c 136
MINSEQ 41242 0x07009c 136
MINSEQ 41243 0x070124 2
MINSEQ 41244 0x070124 2
MINSEQ 41245 0x0a0080 16
MINSEQ 41246 0x0a0080 16
MINSEQ 41247 0x0a0090 12
MINSEQ 41248 0x0a0090 12
MINSEQ 41249 0x0a0128 12
MINSEQ 41250 0x0a0128 12
MINSEQ 41251 0x0a01c0 12
MINSEQ 41252 0x0a01c0 12
MINSEQ 41253 0x0a0258 12
MINSEQ 41254 0x0a0258 12
MINSEQ 41255 0x0a02f0 12
MINSEQ 41256 0x0a02f0 12
MINSEQ 41257 0x0a0388 12
MINSEQ 41258 0x0a0388 12
MINSEQ 41259 0x0a0420 12
MINSEQ 41260 0x0a0420 12
MINSEQ 41261 0x0a04b8 12
MINSEQ 41262 0x0a04b8 12
MINSEQ 41263 0x0a0550 12
MINSEQ 41264 0x0a0550 12
MINSEQ 41265 0x0a05e8 12
MINSEQ 41266 0x0a05e8 12
MINSEQ 41267 0x0a0618 12
MINSEQ 41268 0x0a0618 12
MINSEQ 41269 0x0a06b0 12
MINSEQ 41270 0x0a06b0 12
MINSEQ 41271 0x0a0748 12
MINSEQ 41272 0x0a0748 12
MINSEQ 41273 0x0a0798 12
MINSEQ 41274 0x0a0798 12
MINSEQ 41275 0x0a0830 12
MINSEQ 41276 0x0a0830 12
MINSEQ 41277 0x0a08c8 12
MINSEQ 41278 0x0a08c8 12
MINSEQ 41279 0x0a0960 12
MINSEQ 41280 0x0a0960 12
MINSEQ 41281 0x0a09f8 12
MINSEQ 41282 0x0a09f8 12
MINSEQ 41283 0x0a0a28 12
MINSEQ 41284 0x0a0a28 12
MINSEQ 41285 0x0a0ac0 12
MINSEQ 41286 0x0a0ac0 12
MINSEQ 41287 0x0a0b58 12
MINSEQ 41288 0x0a0b58 12
MINSEQ 41289 0x0a0bc8 12
MINSEQ 41290 0x0a0bc8 12
MINSEQ 41291 0x0a0c18 12
MINSEQ 41292 0x0a0c18 12
MINSEQ 41293 0x0a0c88 12
MINSEQ 41294 0x0a0c88 12
MINSEQ 41295 0x0a0acc 136
MINSEQ 41296 0x0a0acc 136
MINSEQ 41297 0x0a0b54 2
MINSEQ 41298 0x0a0b54 2
MINSEQ 41299 0x070080 16
MINSEQ 41300 0x070080 16
MINSEQ 41301 0x070090 12
MINSEQ 41302 0x070090 12
MINSEQ 41303 0x070128 12
MINSEQ 41304 0x070128 12
MINSEQ 41305 0x070158 12
MINSEQ 41306 0x070158 12
MINSEQ 41307 0x0701a8 12
MINSEQ 41308 0x0701a8 12
MINSEQ 41309 0x0701d8 12
MINSEQ 41310 0x0701d8 12
MINSEQ 41311 0x070228 12
MINSEQ 41312 0x070228 12
MINSEQ 41313 0x070298 12
MINSEQ 41314 0x070298 12
MINSEQ 41315 0x070308 12
MINSEQ 41316 0x070308 12
MINSEQ 41317 0x07009c 136
MINSEQ 41318 0x07009c 136
MINSEQ 41319 0x070124 2
MINSEQ 41320 0x070124 2
MINSEQ 41321 0x0a0080 16
MINSEQ 41322 0x0a0080 16
MINSEQ 41323 0x0a0090 12
MINSEQ 41324 0x0a0090 12
MINSEQ 41325 0x0a0128 12
MINSEQ 41326 0x0a0128 12
MINSEQ 41327 0x0a01c0 12
MINSEQ 41328 0x0a01c0 12
MINSEQ 41329 0x0a0258 12
MINSEQ 41334 0x0a0388 12
MINSEQ 41335 0x0a0420 12
MINSEQ 41336 0x0a0420 12
MINSEQ 41337 0x0a04b8 12
MINSEQ 41338 0x0a04b8 12
MINSEQ 41339 0x0a0550 12
MINSEQ 41340 0x0a0550 12
MINSEQ 41341 0x0a05e8 12
MINSEQ 41342 0x0a05e8 12
MINSEQ 41343 0x0a0618 12
MINSEQ 41344 0x0a0618 12
MINSEQ 41345 0x0a06b0 12
MINSEQ 41346 0x0a06b0 12
MINSEQ 41347 0x0a0748 12
MINSEQ 41348 0x0a0748 12
MINSEQ 41349 0x0a0798 12
MINSEQ 41350 0x0a0798 12
MINSEQ 41351 0x0a0830 12
MINSEQ 41352 0x0a0830 12
MINSEQ 41353 0x0a08c8 12
MINSEQ 41354 0x0a08c8 12
MINSEQ 41355 0x0a0960 12
MINSEQ 41356 0x0a0960 12
MINSEQ 41357 0x0a09f8 12
MINSEQ 41358 0x0a09f8 12
MINSEQ 41359 0x0a0a28 12
MINSEQ 41360 0x0a0a28 12
MINSEQ 41361 0x0a0ac0 12
MINSEQ 41362 0x0a0ac0 12
MINSEQ 41363 0x0a0b58 12
MINSEQ 41364 0x0a0b58 12
MINSEQ 41365 0x0a0bc8 12
MINSEQ 41366 0x0a0bc8 12
MINSEQ 41367 0x0a0c18 12
MINSEQ 41368 0x0a0c18 12
MINSEQ 41369 0x0a0c88 12
MINSEQ 41370 0x0a0c88 12
MINSEQ 41371 0x0a0acc 136
MINSEQ 41372 0x0a0acc 136
MINSEQ 41373 0x0a0b54 2
MINSEQ 41374 0x0a0b54 2
MINSEQ 41375 0x070080 16
MINSEQ 41376 0x070080 16
MINSEQ 41377 0x070090 12
MINSEQ 41378 0x070090 12
MINSEQ 41379 0x070128 12
MINSEQ 41380 0x070128 12
MINSEQ 41381 0x070158 12
MINSEQ 41382 0x070158 12
MINSEQ 41383 0x0701a8 12
MINSEQ 41384 0x0701a8 12
MINSEQ 41385 0x0701d8 12
MINSEQ 41386 0x0701d8 12
MINSEQ 41387 0x070228 12
MINSEQ 41388 0x070228 12
MINSEQ 41389 0x070298 12
MINSEQ 41390 0x070298 12
MINSEQ 41391 0x070308 12
MINSEQ 41392 0x070308 12
MINSEQ 41393 0x07009c 136
MINSEQ 41394 0x07009c 136
MINSEQ 41395 0x070124 2
MINSEQ 41396 0x070124 2
MINSEQ 41397 0x0a0080 16
MINSEQ 41398 0x0a0080 16
MINSEQ 41399 0x0a0090 12
MINSEQ 41400 0x0a0090 12
MINSEQ 41401 0x0a0128 12
MINSEQ 41402 0x0a0128 12
MINSEQ 41403 0x0a01c0 12
MINSEQ 41404 0x0a01c0 12
MINSEQ 41405 0x0a0258 12
MINSEQ 41406 0x0a0258 12
MINSEQ 41407 0x0a02f0 12
MINSEQ 41408 0x0a02f0 12
MINSEQ 41409 0x0a0388 12
MINSEQ 41410 0x0a0388 12
MINSEQ 41411 0x0a0420 12
MINSEQ 41412 0x0a0420 12
MINSEQ 41413 0x0a04b8 12
MINSEQ 41414 0x0a04b8 12
MINSEQ 41415 0x0a0550 12
MINSEQ 41416 0x0a0550 12
MINSEQ 41417 0x0a05e8 12
MINSEQ 41418 0x0a05e8 12
MINSEQ 41419 0x0a0618 12
MINSEQ 41420 0x0a0618 12
MINSEQ 41421 0x0a06b0 12
MINSEQ 41422 0x0a06b0 12
MINSEQ 41423 0x0a0748 12
MINSEQ 41424 0x0a0748 12
MINSEQ 41425 0x0a0798 12
MINSEQ 41426 0x0a0798 12
MINSEQ 41427 0x0a0830 12
MINSEQ 41428 0x0a0830 12
MINSEQ 41429 0x0a08c8 12
MINSEQ 41430 0x0a08c8 12
MINSEQ 41431 0x0a0960 12
MINSEQ 41432 0x0a0960 12
MINSEQ 41433 0x0a09f8 12
MINSEQ 41434 0x0a09f8 12
MINSEQ 41435 0x0a0a28 12
MINSEQ 41436 0x0a0a28 12
MINSEQ 41437 0x0a0ac0 12
MINSEQ 41438 0x0a0ac0 12
MINSEQ 41439 0x0a0b58 12
MINSEQ 41440 0x0a0b58 12
MINSEQ 41441 0x0a0bc8 12
MINSEQ 41442 0x0a0bc8 12
MINSEQ 41443 0x0a0c18 12
MINSEQ 41444 0x0a0c18 12
MINSEQ 41445 0x0a0c88 12
MINSEQ 41446 0x0a0c88 12
MINSEQ 41447 0x0a0acc 136
MINSEQ 41448 0x0a0acc 136
MINSEQ 41449 0x0a0b54 2
MINSEQ 41450 0x0a0b54 2
MINSEQ 41451 0x070080 16
MINSEQ 41452 0x070080 16
MINSEQ 41453 0x070090 12
MINSEQ 41454 0x070090 12
MINSEQ 41455 0x070128 12
MINSEQ 41456 0x070128 12
MINSEQ 41457 0x070158 12
MINSEQ 41458 0x070158 12
MINSEQ 41459 0x0701a8 12
MINSEQ 41460 0x0701a8 12
MINSEQ 41461 0x0701d8 12
MINSEQ 41462 0x0701d8 12
MINSEQ 41463 0x070228 12
MINSEQ 41464 0x070228 12
MINSEQ 41465 0x070298 12
MINSEQ 41466 0x070298 12
MINSEQ 41467 0x070308 12
MINSEQ 41468 0x070308 12
MINSEQ 41469 0x07009c 136
MINSEQ 41470 0x07009c 136
MINSEQ 41471 0x070124 2
MINSEQ 41472 0x070124 2
MINSEQ 41473 0x0a0080 16
MINSEQ 41474 0x0a0080 16
MINSEQ 41475 0x0a0090 12
MINSEQ 41476 0x0a0090 12
MINSEQ 41477 0x0a0128 12
MINSEQ 41478 0x0a0128 12
MINSEQ 41479 0x0a01c0 12
MINSEQ 41480 0x0a01c0 12
MINSEQ 41481 0x0a0258 12
MINSEQ 41482 0x0a0258 12
MINSEQ 41483 0x0a02f0 12
MINSEQ 41484 0x0a02f0 12
MINSEQ 41485 0x0a0388 12
MINSEQ 41486 0x0a0388 12
MINSEQ 41487 0x0a0420 12
MINSEQ 41488 0x0a0420 12
MINSEQ 41489 0x0a04b8 12
MINSEQ 41490 0x0a04b8 12
MINSEQ 41491 0x0a0550 12
MINSEQ 41492 0x0a0550 12
MINSEQ 41493 0x0a05e8 12
MINSEQ 41494 0x0a05e8 12
MINSEQ 41495 0x0a0618 12
MINSEQ 41496 0x0a0618 12
MINSEQ 41497 0x0a06b0 12
MINSEQ 41498 0x0a06b0 12
MINSEQ 41499 0x0a0748 12
MINSEQ 41500 0x0a0748 12
MINSEQ 41501 0x0a0798 12
MINSEQ 41502 0x0a0798 12
MINSEQ 41503 0x0a0830 12
MINSEQ 41504 0x0a0830 12
MINSEQ 41505 0x0a08c8 12
MINSEQ 41506 0x0a08c8 12
MINSEQ 41507 0x0a0960 12
MINSEQ 41508 0x0a0960 12
MINSEQ 41509 0x0a09f8 12
MINSEQ 41510 0x0a09f8 12
MINSEQ 41511 0x0a0a28 12
MINSEQ 41512 0x0a0a28 12
MINSEQ 41513 0x0a0ac0 12
MINSEQ 41514 0x0a0ac0 12
MINSEQ 41515 0x0a0b58 12
MINSEQ 41516 0x0a0b58 12
MINSEQ 41517 0x0a0bc8 12
MINSEQ 41518 0x0a0bc8 12
MINSEQ 41519 0x0a0c18 12
MINSEQ 41520 0x0a0c18 12
MINSEQ 41521 0x0a0c88 12
MINSEQ 41522 0x0a0c88 12
MINSEQ 41523 0x0a0acc 136
MINSEQ 41524 0x0a0acc 136
MINSEQ 41525 0x0a0b54 2
MINSEQ 41526 0x0a0b54 2
MINSEQ 41527 0x380080 16
MINSEQ 41528 0x380080 16
MINSEQ 41529 0x380090 12
MINSEQ 41530 0x380090 12
MINSEQ 41531 0x3800c0 12
MINSEQ 41532 0x3800c0 12
MINSEQ 41533 0x3800f0 12
MINSEQ 41534 0x3800f0 12
MINSEQ 41535 0x380140 12
MINSEQ 41536 0x380140 12
MINSEQ 41537 0x380190 12
MINSEQ 41538 0x380190 12
MINSEQ 41539 0x380200 12
MINSEQ 41540 0x380200 12
MINSEQ 41541 0x380270 12
MINSEQ 41542 0x380270 12
MINSEQ 41543 0x380300 12
MINSEQ 41544 0x380300 12
MINSEQ 41545 0x38027c 128
MINSEQ 41546 0x38027c 128
MINSEQ 41547 0x3802fc 2
MINSEQ 41548 0x3802fc 2
MINSEQ 41549 0x070080 16
MINSEQ 41550 0x070080 16
MINSEQ 41551 0x070090 12
MINSEQ 41552 0x070090 12
MINSEQ 41553 0x070128 12
MINSEQ 41554 0x070128 12
MINSEQ 41555 0x070158 12
MINSEQ 41556 0x070158 12
MINSEQ 41557 0x0701a8 12
MINSEQ 41558 0x0701a8 12
MINSEQ 41559 0x0701d8 12
MINSEQ 41560 0x0701d8 12
MINSEQ 41561 0x070228 12
MINSEQ 41562 0x070228 12
MINSEQ 41563 0x070298 12
MINSEQ 41564 0x070298 12
MINSEQ 41565 0x070308 12
MINSEQ 41566 0x070308 12
MINSEQ 41567 0x07009c 136
MINSEQ 41568 0x07009c 136
MINSEQ 41569 0x070124 2
MINSEQ 41570 0x070124 2
MINSEQ 41571 0x0a0080 16
MINSEQ 41572 0x0a0080 16
MINSEQ 41573 0x0a0090 12
MINSEQ 41574 0x0a0090 12
MINSEQ 41575 0x0a0128 12
MINSEQ 41576 0x0a0128 12
MINSEQ 41577 0x0a01c0 12
MINSEQ 41578 0x0a01c0 12
MINSEQ 41579 0x0a0258 12
MINSEQ 41580 0x0a0258 12
MINSEQ 41581 0x0a02f0 12
MINSEQ 41582 0x0a02f0 12
MINSEQ 41583 0x0a0388 12
MINSEQ 41584 0x0a0388 12
MINSEQ 41585 0x0a0420 12
MINSEQ 41586 0x0a0420 12
MINSEQ 41587 0x0a04b8 12
MINSEQ 41588 0x0a04b8 12
MINSEQ 41589 0x0a0550 12
MINSEQ 41590 0x0a0550 12
MINSEQ 41591 0x0a05e8 12
MINSEQ 41592 0x0a05e8 12
MINSEQ 41593 0x0a0618 12
MINSEQ 41594 0x0a0618 12
MINSEQ 41595 0x0a06b0 12
MINSEQ 41596 0x0a06b0 12
MINSEQ 41597 0x0a0748 12
MINSEQ 41598 0x0a0748 12
MINSEQ 41599 0x0a0798 12
MINSEQ 41600 0x0a0798 12
MINSEQ 41601 0x0a0830 12
MINSEQ 41602 0x0a0830 12
MINSEQ 41603 0x0a08c8 12
MINSEQ 41604 0x0a08c8 12
MINSEQ 41605 0x0a0960 12
MINSEQ 41606 0x0a0960 12
MINSEQ 41607 0x0a09f8 12
MINSEQ 41608 0x0a09f8 12
MINSEQ 41609 0x0a0a28 12
MINSEQ 41610 0x0a0a28 12
MINSEQ 41611 0x0a0ac0 12
MINSEQ 41612 0x0a0ac0 12
MINSEQ 41613 0x0a0b58 12
MINSEQ 41614 0x0a0b58 12
MINSEQ 41615 0x0a0bc8 12
MINSEQ 41616 0x0a0bc8 12
MINSEQ 41617 0x0a0c18 12
MINSEQ 41618 0x0a0c18 12
MINSEQ 41619 0x0a0c88 12
MINSEQ 41620 0x0a0c88 12
MINSEQ 41621 0x0a0acc 136
MINSEQ 41622 0x0a0acc 136
MINSEQ 41623 0x0a0b54 2
MINSEQ 41624 0x0a0b54 2
MINSEQ 41625 0x380080 16
MINSEQ 41626 0x380080 16
MINSEQ 41627 0x380090 12
MINSEQ 41628 0x380090 12
MINSEQ 41629 0x3800c0 12
MINSEQ 41630 0x3800c0 12
MINSEQ 41631 0x3800f0 12
MINSEQ 41632 0x3800f0 12
MINSEQ 41633 0x380140 12
MINSEQ 41634 0x380140 12
MINSEQ 41635 0x380190 12
MINSEQ 41636 0x380190 12
MINSEQ 41637 0x380200 12
MINSEQ 41638 0x380200 12
MINSEQ 41639 0x380270 12
MINSEQ 41640 0x380270 12
MINSEQ 41641 0x380300 12
MINSEQ 41642 0x380300 12
MINSEQ 41643 0x38027c 128
MINSEQ 41644 0x38027c 128
MINSEQ 41645 0x3802fc 2
MINSEQ 41646 0x3802fc 2
MINSEQ 41647 0x070080 16
MINSEQ 41665 0x07009c 136
MINSEQ 41666 0x07009c 136
MINSEQ 41667 0x070124 2
MINSEQ 41668 0x070124 2
MINSEQ 41669 0x0a0080 16
MINSEQ 41670 0x0a0080 16
MINSEQ 41671 0x0a0090 12
MINSEQ 41672 0x0a0090 12
MINSEQ 41673 0x0a0128 12
MINSEQ 41674 0x0a0128 12
MINSEQ 41675 0x0a01c0 12
MINSEQ 41676 0x0a01c0 12
MINSEQ 41677 0x0a0258 12
MINSEQ 41678 0x0a0258 12
MINSEQ 41679 0x0a02f0 12
MINSEQ 41680 0x0a02f0 12
MINSEQ 41681 0x0a0388 12
MINSEQ 41682 0x0a0388 12
MINSEQ 41683 0x0a0420 12
MINSEQ 41684 0x0a0420 12
MINSEQ 41685 0x0a04b8 12
MINSEQ 41686 0x0a04b8 12
MINSEQ 41687 0x0a0550 12
MINSEQ 41688 0x0a0550 12
MINSEQ 41689 0x0a05e8 12
MINSEQ 41690 0x0a05e8 12
MINSEQ 41691 0x0a0618 12
MINSEQ 41692 0x0a0618 12
MINSEQ 41693 0x0a06b0 12
MINSEQ 41694 0x0a06b0 12
MINSEQ 41695 0x0a0748 12
MINSEQ 41696 0x0a0748 12
MINSEQ 41697 0x0a0798 12
MINSEQ 41698 0x0a0798 12
MINSEQ 41699 0x0a0830 12
MINSEQ 41700 0x0a0830 12
MINSEQ 41701 0x0a08c8 12
MINSEQ 41702 0x0a08c8 12
MINSEQ 41703 0x0a0960 12
MINSEQ 41704 0x0a0960 12
MINSEQ 41705 0x0a09f8 12
MINSEQ 41706 0x0a09f8 12
MINSEQ 41707 0x0a0a28 12
MINSEQ 41708 0x0a0a28 12
MINSEQ 41709 0x0a0ac0 12
MINSEQ 41710 0x0a0ac0 12
MINSEQ 41711 0x0a0b58 12
MINSEQ 41712 0x0a0b58 12
MINSEQ 41713 0x0a0bc8 12
MINSEQ 41714 0x0a0bc8 12
MINSEQ 41715 0x0a0c18 12
MINSEQ 41716 0x0a0c18 12
MINSEQ 41717 0x0a0c88 12
MINSEQ 41718 0x0a0c88 12
MINSEQ 41719 0x0a0acc 136
MINSEQ 41720 0x0a0acc 136
MINSEQ 41721 0x0a0b54 2
MINSEQ 41722 0x0a0b54 2
MINSEQ 41723 0x380080 16
MINSEQ 41724 0x380080 16
MINSEQ 41725 0x380090 12
MINSEQ 41726 0x380090 12
MINSEQ 41727 0x3800c0 12
MINSEQ 41728 0x3800c0 12
MINSEQ 41729 0x3800f0 12
MINSEQ 41730 0x3800f0 12
MINSEQ 41731 0x380140 12
MINSEQ 41732 0x380140 12
MINSEQ 41733 0x380190 12
MINSEQ 41734 0x380190 12
MINSEQ 41735 0x380200 12
MINSEQ 41736 0x380200 12
MINSEQ 41737 0x380270 12
MINSEQ 41738 0x380270 12
MINSEQ 41739 0x380300 12
MINSEQ 41740 0x380300 12
MINSEQ 41741 0x38027c 128
MINSEQ 41742 0x38027c 128
MINSEQ 41743 0x3802fc 2
MINSEQ 41744 0x3802fc 2
MINSEQ 41745 0x070080 16
MINSEQ 41746 0x070080 16
MINSEQ 41747 0x070090 12
MINSEQ 41748 0x070090 12
MINSEQ 41749 0x070128 12
MINSEQ 41750 0x070128 12
MINSEQ 41751 0x070158 12
MINSEQ 41752 0x070158 12
MINSEQ 41753 0x0701a8 12
MINSEQ 41754 0x0701a8 12
MINSEQ 41755 0x0701d8 12
MINSEQ 41756 0x0701d8 12
MINSEQ 41757 0x070228 12
MINSEQ 41758 0x070228 12
MINSEQ 41759 0x070298 12
MINSEQ 41760 0x070298 12
MINSEQ 41761 0x070308 12
MINSEQ 41762 0x070308 12
MINSEQ 41763 0x07009c 136
MINSEQ 41764 0x07009c 136
MINSEQ 41765 0x070124 2
MINSEQ 41766 0x070124 2
MINSEQ 41767 0x0a0080 16
MINSEQ 41768 0x0a0080 16
MINSEQ 41769 0x0a0090 12
MINSEQ 41770 0x0a0090 12
MINSEQ 41771 0x0a0128 12
MINSEQ 41772 0x0a0128 12
MINSEQ 41773 0x0a01c0 12
MINSEQ 41774 0x0a01c0 12
MINSEQ 41775 0x0a0258 12
MINSEQ 41776 0x0a0258 12
MINSEQ 41777 0x0a02f0 12
MINSEQ 41778 0x0a02f0 12
MINSEQ 41779 0x0a0388 12
MINSEQ 41780 0x0a0388 12
MINSEQ 41781 0x0a0420 12
MINSEQ 41782 0x0a0420 12
MINSEQ 41783 0x0a04b8 12
MINSEQ 41784 0x0a04b8 12
MINSEQ 41785 0x0a0550 12
MINSEQ 41786 0x0a0550 12
MINSEQ 41787 0x0a05e8 12
MINSEQ 41788 0x0a05e8 12
MINSEQ 41789 0x0a0618 12
MINSEQ 41790 0x0a0618 12
MINSEQ 41791 0x0a06b0 12
MINSEQ 41792 0x0a06b0 12
MINSEQ 41793 0x0a0748 12
MINSEQ 41794 0x0a0748 12
MINSEQ 41795 0x0a0798 12
MINSEQ 41796 0x0a0798 12
MINSEQ 41797 0x0a0830 12
MINSEQ 41798 0x0a0830 12
MINSEQ 41799 0x0a08c8 12
MINSEQ 41800 0x0a08c8 12
MINSEQ 41801 0x0a0960 12
MINSEQ 41802 0x0a0960 12
MINSEQ 41803 0x0a09f8 12
MINSEQ 41804 0x0a09f8 12
MINSEQ 41805 0x0a0a28 12
MINSEQ 41806 0x0a0a28 12
MINSEQ 41807 0x0a0ac0 12
MINSEQ 41808 0x0a0ac0 12
MINSEQ 41809 0x0a0b58 12
MINSEQ 41810 0x0a0b58 12
MINSEQ 41811 0x0a0bc8 12
MINSEQ 41812 0x0a0bc8 12
MINSEQ 41813 0x0a0c18 12
MINSEQ 41814 0x0a0c18 12
MINSEQ 41815 0x0a0c88 12
MINSEQ 41816 0x0a0c88 12
MINSEQ 41817 0x0a0acc 136
MINSEQ 41818 0x0a0acc 136
MINSEQ 41819 0x0a0b54 2
MINSEQ 41820 0x0a0b54 2
MINSEQ 41821 0x380080 16
MINSEQ 41822 0x380080 16
MINSEQ 41823 0x380090 12
MINSEQ 41824 0x380090 12
MINSEQ 41825 0x3800c0 12
MINSEQ 41826 0x3800c0 12
MINSEQ 41827 0x3800f0 12
MINSEQ 41828 0x3800f0 12
MINSEQ 41829 0x380140 12
MINSEQ 41830 0x380140 12
MINSEQ 41831 0x380190 12
MINSEQ 41832 0x380190 12
MINSEQ 41833 0x380200 12
MINSEQ 41834 0x380200 12
MINSEQ 41835 0x380270 12
MINSEQ 41836 0x380270 12
MINSEQ 41837 0x380300 12
MINSEQ 41838 0x380300 12
MINSEQ 41839 0x38027c 128
MINSEQ 41840 0x38027c 128
MINSEQ 41841 0x3802fc 2
MINSEQ 41842 0x3802fc 2
MINSEQ 41843 0x070080 16
MINSEQ 41844 0x070080 16
MINSEQ 41845 0x070090 12
MINSEQ 41846 0x070090 12
MINSEQ 41847 0x070128 12
MINSEQ 41848 0x070128 12
MINSEQ 41849 0x070158 12
MINSEQ 41850 0x070158 12
MINSEQ 41851 0x0701a8 12
MINSEQ 41852 0x0701a8 12
MINSEQ 41853 0x0701d8 12
MINSEQ 41854 0x0701d8 12
MINSEQ 41855 0x070228 12
MINSEQ 41856 0x070228 12
MINSEQ 41857 0x070298 12
MINSEQ 41858 0x070298 12
MINSEQ 41859 0x070308 12
MINSEQ 41860 0x070308 12
MINSEQ 41861 0x07009c 136
MINSEQ 41862 0x07009c 136
MINSEQ 41863 0x070124 2
MINSEQ 41864 0x070124 2
MINSEQ 41865 0x0a0080 16
MINSEQ 41866 0x0a0080 16
MINSEQ 41867 0x0a0090 12
MINSEQ 41868 0x0a0090 12
MINSEQ 41869 0x0a0128 12
MINSEQ 41870 0x0a0128 12
MINSEQ 41871 0x0a01c0 12
MINSEQ 41872 0x0a01c0 12
MINSEQ 41873 0x0a0258 12
MINSEQ 41874 0x0a0258 12
MINSEQ 41875 0x0a02f0 12
MINSEQ 41876 0x0a02f0 12
MINSEQ 41877 0x0a0388 12
MINSEQ 41878 0x0a0388 12
MINSEQ 41879 0x0a0420 12
MINSEQ 41880 0x0a0420 12
MINSEQ 41881 0x0a04b8 12
MINSEQ 41882 0x0a04b8 12
MINSEQ 41883 0x0a0550 12
MINSEQ 41884 0x0a0550 12
MINSEQ 41885 0x0a05e8 12
MINSEQ 41886 0x0a05e8 12
MINSEQ 41887 0x0a0618 12
MINSEQ 41888 0x0a0618 12
MINSEQ 41889 0x0a06b0 12
MINSEQ 41890 0x0a06b0 12
MINSEQ 41891 0x0a0748 12
MINSEQ 41892 0x0a0748 12
MINSEQ 41893 0x0a0798 12
MINSEQ 41894 0x0a0798 12
MINSEQ 41895 0x0a0830 12
MINSEQ 41896 0x0a0830 12
MINSEQ 41897 0x0a08c8 12
MINSEQ 41898 0x0a08c8 12
MINSEQ 41899 0x0a0960 12
MINSEQ 41900 0x0a0960 12
MINSEQ 41901 0x0a09f8 12
MINSEQ 41902 0x0a09f8 12
MINSEQ 41903 0x0a0a28 12
MINSEQ 41904 0x0a0a28 12
MINSEQ 41905 0x0a0ac0 12
MINSEQ 41906 0x0a0ac0 12
MINSEQ 41907 0x0a0b58 12
MINSEQ 41908 0x0a0b58 12
MINSEQ 41909 0x0a0bc8 12
MINSEQ 41910 0x0a0bc8 12
MINSEQ 41911 0x0a0c18 12
MINSEQ 41912 0x0a0c18 12
MINSEQ 41913 0x0a0c88 12
MINSEQ 41914 0x0a0c88 12
MINSEQ 41915 0x0a0acc 136
MINSEQ 41916 0x0a0acc 136
MINSEQ 41917 0x0a0b54 2
MINSEQ 41918 0x0a0b54 2
MINSEQ 41919 0x380080 16
MINSEQ 41920 0x380080 16
MINSEQ 41921 0x380090 12
MINSEQ 41926 0x3800f0 12
MINSEQ 41927 0x380140 12
MINSEQ 41928 0x380140 12
MINSEQ 41929 0x380190 12
MINSEQ 41930 0x380190 12
MINSEQ 41931 0x380200 12
MINSEQ 41932 0x380200 12
MINSEQ 41933 0x380270 12
MINSEQ 41934 0x380270 12
MINSEQ 41935 0x380300 12
MINSEQ 41936 0x380300 12
MINSEQ 41937 0x38027c 128
MINSEQ 41938 0x38027c 128
MINSEQ 41939 0x3802fc 2
MINSEQ 41940 0x3802fc 2
MINSEQ 41941 0x090080 16
MINSEQ 41942 0x090080 16
MINSEQ 41943 0x090090 12
MINSEQ 41944 0x090090 12
MINSEQ 41945 0x090128 12
MINSEQ 41946 0x090128 12
MINSEQ 41947 0x0901c0 12
MINSEQ 41948 0x0901c0 12
MINSEQ 41949 0x090258 12
MINSEQ 41950 0x090258 12
MINSEQ 41951 0x0902f0 12
MINSEQ 41952 0x0902f0 12
MINSEQ 41953 0x090388 12
MINSEQ 41954 0x090388 12
MINSEQ 41955 0x090420 12
MINSEQ 41956 0x090420 12
MINSEQ 41957 0x0904b8 12
MINSEQ 41958 0x0904b8 12
MINSEQ 41960 0x0904e8 12
MINSEQ 41961 0x090580 12
MINSEQ 41962 0x090580 12
MINSEQ 41963 0x0905d0 12
MINSEQ 41964 0x0905d0 12
MINSEQ 41965 0x090668 12
MINSEQ 41966 0x090668 12
MINSEQ 41967 0x090700 12
MINSEQ 41968 0x090700 12
MINSEQ 41969 0x090798 12
MINSEQ 41970 0x090798 12
MINSEQ 41971 0x090830 12
MINSEQ 41972 0x090830 12
MINSEQ 41973 0x0908c8 12
MINSEQ 41974 0x0908c8 12
MINSEQ 41975 0x090960 12
MINSEQ 41976 0x090960 12
MINSEQ 41977 0x0909d0 12
MINSEQ 41978 0x0909d0 12
MINSEQ 41979 0x090a68 12
MINSEQ 41980 0x090a68 12
MINSEQ 41981 0x090a98 12
MINSEQ 41982 0x090a98 12
MINSEQ 41983 0x090b30 12
MINSEQ 41984 0x090b30 12
MINSEQ 41985 0x090bc8 12
MINSEQ 41986 0x090bc8 12
MINSEQ 41987 0x090c58 12
MINSEQ 41988 0x090c58 12
MINSEQ 41989 0x090ca8 12
MINSEQ 41990 0x090ca8 12
MINSEQ 41991 0x090bd4 128
MINSEQ 41992 0x090bd4 128
MINSEQ 41993 0x090c54 2
MINSEQ 41994 0x090c54 2
MINSEQ 41995 0x070080 16
MINSEQ 41996 0x070080 16
MINSEQ 41997 0x070090 12
MINSEQ 41998 0x070090 12
MINSEQ 41999 0x070128 12
MINSEQ 42000 0x070128 12
MINSEQ 42001 0x070158 12
MINSEQ 42002 0x070158 12
MINSEQ 42003 0x0701a8 12
MINSEQ 42004 0x0701a8 12
MINSEQ 42005 0x0701d8 12
MINSEQ 42006 0x0701d8 12
MINSEQ 42007 0x070228 12
MINSEQ 42008 0x070228 12
MINSEQ 42009 0x070298 12
MINSEQ 42010 0x070298 12
MINSEQ 42011 0x070308 12
MINSEQ 42012 0x070308 12
MINSEQ 42013 0x07009c 136
MINSEQ 42014 0x07009c 136
MINSEQ 42015 0x070124 2
MINSEQ 42016 0x070124 2
MINSEQ 42017 0x0a0080 16
MINSEQ 42018 0x0a0080 16
MINSEQ 42019 0x0a0090 12
MINSEQ 42020 0x0a0090 12
MINSEQ 42021 0x0a0128 12
MINSEQ 42022 0x0a0128 12
MINSEQ 42023 0x0a01c0 12
MINSEQ 42024 0x0a01c0 12
MINSEQ 42025 0x0a0258 12
MINSEQ 42026 0x0a0258 12
MINSEQ 42027 0x0a02f0 12
MINSEQ 42028 0x0a02f0 12
MINSEQ 42029 0x0a0388 12
MINSEQ 42030 0x0a0388 12
MINSEQ 42031 0x0a0420 12
MINSEQ 42032 0x0a0420 12
MINSEQ 42033 0x0a04b8 12
MINSEQ 42034 0x0a04b8 12
MINSEQ 42035 0x0a0550 12
MINSEQ 42036 0x0a0550 12
MINSEQ 42037 0x0a05e8 12
MINSEQ 42038 0x0a05e8 12
MINSEQ 42039 0x0a0618 12
MINSEQ 42040 0x0a0618 12
MINSEQ 42041 0x0a06b0 12
MINSEQ 42042 0x0a06b0 12
MINSEQ 42043 0x0a0748 12
MINSEQ 42044 0x0a0748 12
MINSEQ 42045 0x0a0798 12
MINSEQ 42046 0x0a0798 12
MINSEQ 42047 0x0a0830 12
MINSEQ 42048 0x0a0830 12
MINSEQ 42049 0x0a08c8 12
MINSEQ 42050 0x0a08c8 12
MINSEQ 42051 0x0a0960 12
MINSEQ 42052 0x0a0960 12
MINSEQ 42053 0x0a09f8 12
MINSEQ 42054 0x0a09f8 12
MINSEQ 42055 0x0a0a28 12
MINSEQ 42056 0x0a0a28 12
MINSEQ 42057 0x0a0ac0 12
MINSEQ 42058 0x0a0ac0 12
MINSEQ 42059 0x0a0b58 12
MINSEQ 42060 0x0a0b58 12
MINSEQ 42061 0x0a0bc8 12
MINSEQ 42062 0x0a0bc8 12
MINSEQ 42063 0x0a0c18 12
MINSEQ 42064 0x0a0c18 12
MINSEQ 42065 0x0a0c88 12
MINSEQ 42066 0x0a0c88 12
MINSEQ 42067 0x0a0acc 136
MINSEQ 42068 0x0a0acc 136
MINSEQ 42069 0x0a0b54 2
MINSEQ 42070 0x0a0b54 2
MINSEQ 42071 0x090080 16
MINSEQ 42072 0x090080 16
MINSEQ 42073 0x090090 12
MINSEQ 42074 0x090090 12
MINSEQ 42075 0x090128 12
MINSEQ 42076 0x090128 12
MINSEQ 42077 0x0901c0 12
MINSEQ 42078 0x0901c0 12
MINSEQ 42079 0x090258 12
MINSEQ 42080 0x090258 12
MINSEQ 42081 0x0902f0 12
MINSEQ 42082 0x0902f0 12
MINSEQ 42083 0x090388 12
MINSEQ 42084 0x090388 12
MINSEQ 42085 0x090420 12
MINSEQ 42086 0x090420 12
MINSEQ 42087 0x0904b8 12
MINSEQ 42088 0x0904b8 12
MINSEQ 42089 0x0904e8 12
MINSEQ 42090 0x0904e8 12
MINSEQ 42091 0x090580 12
MINSEQ 42092 0x090580 12
MINSEQ 42093 0x0905d0 12
MINSEQ 42094 0x0905d0 12
MINSEQ 42095 0x090668 12
MINSEQ 42096 0x090668 12
MINSEQ 42097 0x090700 12
MINSEQ 42098 0x090700 12
MINSEQ 42099 0x090798 12
MINSEQ 42100 0x090798 12
MINSEQ 42101 0x090830 12
MINSEQ 42102 0x090830 12
MINSEQ 42103 0x0908c8 12
MINSEQ 42104 0x0908c8 12
MINSEQ 42105 0x090960 12
MINSEQ 42106 0x090960 12
MINSEQ 42107 0x0909d0 12
MINSEQ 42108 0x0909d0 12
MINSEQ 42109 0x090a68 12
MINSEQ 42110 0x090a68 12
MINSEQ 42111 0x090a98 12
MINSEQ 42112 0x090a98 12
MINSEQ 42113 0x090b30 12
MINSEQ 42114 0x090b30 12
MINSEQ 42115 0x090bc8 12
MINSEQ 42116 0x090bc8 12
MINSEQ 42117 0x090c58 12
MINSEQ 42118 0x090c58 12
MINSEQ 42119 0x090ca8 12
MINSEQ 42120 0x090ca8 12
MINSEQ 42121 0x090bd4 128
MINSEQ 42122 0x090bd4 128
MINSEQ 42123 0x090c54 2
MINSEQ 42124 0x090c54 2
MINSEQ 42125 0x070080 16
MINSEQ 42126 0x070080 16
MINSEQ 42127 0x070090 12
MINSEQ 42128 0x070090 12
MINSEQ 42129 0x070128 12
MINSEQ 42130 0x070128 12
MINSEQ 42131 0x070158 12
MINSEQ 42132 0x070158 12
MINSEQ 42133 0x0701a8 12
MINSEQ 42134 0x0701a8 12
MINSEQ 42135 0x0701d8 12
MINSEQ 42136 0x0701d8 12
MINSEQ 42137 0x070228 12
MINSEQ 42138 0x070228 12
MINSEQ 42139 0x070298 12
MINSEQ 42140 0x070298 12
MINSEQ 42141 0x070308 12
MINSEQ 42142 0x070308 12
MINSEQ 42143 0x07009c 136
MINSEQ 42144 0x07009c 136
MINSEQ 42145 0x070124 2
MINSEQ 42146 0x070124 2
MINSEQ 42147 0x0a0080 16
MINSEQ 42148 0x0a0080 16
MINSEQ 42149 0x0a0090 12
MINSEQ 42150 0x0a0090 12
MINSEQ 42152 0x0a0128 12
MINSEQ 42153 0x0a01c0 12
MINSEQ 42154 0x0a01c0 12
MINSEQ 42155 0x0a0258 12
MINSEQ 42156 0x0a0258 12
MINSEQ 42157 0x0a02f0 12
MINSEQ 42158 0x0a02f0 12
MINSEQ 42159 0x0a0388 12
MINSEQ 42160 0x0a0388 12
MINSEQ 42161 0x0a0420 12
MINSEQ 42162 0x0a0420 12
MINSEQ 42163 0x0a04b8 12
MINSEQ 42164 0x0a04b8 12
MINSEQ 42165 0x0a0550 12
MINSEQ 42166 0x0a0550 12
MINSEQ 42167 0x0a05e8 12
MINSEQ 42168 0x0a05e8 12
MINSEQ 42169 0x0a0618 12
MINSEQ 42170 0x0a0618 12
MINSEQ 42171 0x0a06b0 12
MINSEQ 42172 0x0a06b0 12
MINSEQ 42173 0x0a0748 12
MINSEQ 42174 0x0a0748 12
MINSEQ 42175 0x0a0798 12
MINSEQ 42176 0x0a0798 12
MINSEQ 42177 0x0a0830 12
MINSEQ 42178 0x0a0830 12
MINSEQ 42179 0x0a08c8 12
MINSEQ 42180 0x0a08c8 12
MINSEQ 42181 0x0a0960 12
MINSEQ 42182 0x0a0960 12
MINSEQ 42183 0x0a09f8 12
MINSEQ 42184 0x0a09f8 12
MINSEQ 42185 0x0a0a28 12
MINSEQ 42186 0x0a0a28 12
MINSEQ 42187 0x0a0ac0 12
MINSEQ 42188 0x0a0ac0 12
MINSEQ 42189 0x0a0b58 12
MINSEQ 42190 0x0a0b58 12
MINSEQ 42191 0x0a0bc8 12
MINSEQ 42192 0x0a0bc8 12
MINSEQ 42193 0x0a0c18 12
MINSEQ 42194 0x0a0c18 12
MINSEQ 42195 0x0a0c88 12
MINSEQ 42196 0x0a0c88 12
MINSEQ 42197 0x0a0acc 136
MINSEQ 42198 0x0a0acc 136
MINSEQ 42199 0x0a0b54 2
MINSEQ 42200 0x0a0b54 2
MINSEQ 42201 0x090080 16
MINSEQ 42202 0x090080 16
MINSEQ 42203 0x090090 12
MINSEQ 42204 0x090090 12
MINSEQ 42205 0x090128 12
MINSEQ 42206 0x090128 12
MINSEQ 42207 0x0901c0 12
MINSEQ 42208 0x0901c0 12
MINSEQ 42209 0x090258 12
MINSEQ 42210 0x090258 12
MINSEQ 42211 0x0902f0 12
MINSEQ 42212 0x0902f0 12
MINSEQ 42213 0x090388 12
MINSEQ 42214 0x090388 12
MINSEQ 42215 0x090420 12
MINSEQ 42216 0x090420 12
MINSEQ 42217 0x0904b8 12
MINSEQ 42218 0x0904b8 12
MINSEQ 42219 0x0904e8 12
MINSEQ 42220 0x0904e8 12
MINSEQ 42221 0x090580 12
MINSEQ 42222 0x090580 12
MINSEQ 42223 0x0905d0 12
MINSEQ 42224 0x0905d0 12
MINSEQ 42225 0x090668 12
MINSEQ 42226 0x090668 12
MINSEQ 42227 0x090700 12
MINSEQ 42228 0x090700 12
MINSEQ 42229 0x090798 12
MINSEQ 42230 0x090798 12
MINSEQ 42231 0x090830 12
MINSEQ 42232 0x090830 12
MINSEQ 42233 0x0908c8 12
MINSEQ 42234 0x0908c8 12
MINSEQ 42235 0x090960 12
MINSEQ 42236 0x090960 12
MINSEQ 42237 0x0909d0 12
MINSEQ 42238 0x0909d0 12
MINSEQ 42239 0x090a68 12
MINSEQ 42240 0x090a68 12
MINSEQ 42241 0x090a98 12
MINSEQ 42242 0x090a98 12
MINSEQ 42243 0x090b30 12
MINSEQ 42244 0x090b30 12
MINSEQ 42245 0x090bc8 12
MINSEQ 42246 0x090bc8 12
MINSEQ 42247 0x090c58 12
MINSEQ 42248 0x090c58 12
MINSEQ 42249 0x090ca8 12
MINSEQ 42250 0x090ca8 12
MINSEQ 42251 0x090bd4 128
MINSEQ 42252 0x090bd4 128
MINSEQ 42253 0x090c54 2
MINSEQ 42254 0x090c54 2
MINSEQ 42255 0x070080 16
MINSEQ 42256 0x070080 16
MINSEQ 42257 0x070090 12
MINSEQ 42258 0x070090 12
MINSEQ 42259 0x070128 12
MINSEQ 42260 0x070128 12
MINSEQ 42261 0x070158 12
MINSEQ 42262 0x070158 12
MINSEQ 42263 0x0701a8 12
MINSEQ 42264 0x0701a8 12
MINSEQ 42265 0x0701d8 12
MINSEQ 42266 0x0701d8 12
MINSEQ 42267 0x070228 12
MINSEQ 42268 0x070228 12
MINSEQ 42269 0x070298 12
MINSEQ 42270 0x070298 12
MINSEQ 42271 0x070308 12
MINSEQ 42272 0x070308 12
MINSEQ 42273 0x07009c 136
MINSEQ 42274 0x07009c 136
MINSEQ 42275 0x070124 2
MINSEQ 42276 0x070124 2
MINSEQ 42277 0x0a0080 16
MINSEQ 42278 0x0a0080 16
MINSEQ 42279 0x0a0090 12
MINSEQ 42280 0x0a0090 12
MINSEQ 42281 0x0a0128 12
MINSEQ 42282 0x0a0128 12
MINSEQ 42283 0x0a01c0 12
MINSEQ 42284 0x0a01c0 12
MINSEQ 42285 0x0a0258 12
MINSEQ 42286 0x0a0258 12
MINSEQ 42287 0x0a02f0 12
MINSEQ 42288 0x0a02f0 12
MINSEQ 42289 0x0a0388 12
MINSEQ 42290 0x0a0388 12
MINSEQ 42291 0x0a0420 12
MINSEQ 42292 0x0a0420 12
MINSEQ 42293 0x0a04b8 12
MINSEQ 42294 0x0a04b8 12
MINSEQ 42295 0x0a0550 12
MINSEQ 42296 0x0a0550 12
MINSEQ 42297 0x0a05e8 12
MINSEQ 42298 0x0a05e8 12
MINSEQ 42299 0x0a0618 12
MINSEQ 42300 0x0a0618 12
MINSEQ 42301 0x0a06b0 12
MINSEQ 42302 0x0a06b0 12
MINSEQ 42303 0x0a0748 12
MINSEQ 42304 0x0a0748 12
MINSEQ 42305 0x0a0798 12
MINSEQ 42306 0x0a0798 12
MINSEQ 42307 0x0a0830 12
MINSEQ 42308 0x0a0830 12
MINSEQ 42309 0x0a08c8 12
MINSEQ 42310 0x0a08c8 12
MINSEQ 42311 0x0a0960 12
MINSEQ 42312 0x0a0960 12
MINSEQ 42313 0x0a09f8 12
MINSEQ 42314 0x0a09f8 12
MINSEQ 42315 0x0a0a28 12
MINSEQ 42316 0x0a0a28 12
MINSEQ 42317 0x0a0ac0 12
MINSEQ 42318 0x0a0ac0 12
MINSEQ 42319 0x0a0b58 12
MINSEQ 42320 0x0a0b58 12
MINSEQ 42321 0x0a0bc8 12
MINSEQ 42322 0x0a0bc8 12
MINSEQ 42323 0x0a0c18 12
MINSEQ 42324 0x0a0c18 12
MINSEQ 42325 0x0a0c88 12
MINSEQ 42326 0x0a0c88 12
MINSEQ 42327 0x0a0acc 136
MINSEQ 42328 0x0a0acc 136
MINSEQ 42329 0x0a0b54 2
MINSEQ 42330 0x0a0b54 2
MINSEQ 42331 0x090080 16
MINSEQ 42332 0x090080 16
MINSEQ 42333 0x090090 12
MINSEQ 42334 0x090090 12
MINSEQ 42335 0x090128 12
MINSEQ 42336 0x090128 12
MINSEQ 42337 0x0901c0 12
MINSEQ 42338 0x0901c0 12
MINSEQ 42339 0x090258 12
MINSEQ 42340 0x090258 12
MINSEQ 42341 0x0902f0 12
MINSEQ 42342 0x0902f0 12
MINSEQ 42343 0x090388 12
MINSEQ 42344 0x090388 12
MINSEQ 42345 0x090420 12
MINSEQ 42346 0x090420 12
MINSEQ 42347 0x0904b8 12
MINSEQ 42348 0x0904b8 12
MINSEQ 42349 0x0904e8 12
MINSEQ 42350 0x0904e8 12
MINSEQ 42351 0x090580 12
MINSEQ 42352 0x090580 12
MINSEQ 42353 0x0905d0 12
MINSEQ 42354 0x0905d0 12
MINSEQ 42355 0x090668 12
MINSEQ 42356 0x090668 12
MINSEQ 42357 0x090700 12
MINSEQ 42358 0x090700 12
MINSEQ 42359 0x090798 12
MINSEQ 42360 0x090798 12
MINSEQ 42361 0x090830 12
MINSEQ 42362 0x090830 12
MINSEQ 42363 0x0908c8 12
MINSEQ 42364 0x0908c8 12
MINSEQ 42365 0x090960 12
MINSEQ 42366 0x090960 12
MINSEQ 42367 0x0909d0 12
MINSEQ 42368 0x0909d0 12
MINSEQ 42369 0x090a68 12
MINSEQ 42370 0x090a68 12
MINSEQ 42371 0x090a98 12
MINSEQ 42372 0x090a98 12
MINSEQ 42373 0x090b30 12
MINSEQ 42374 0x090b30 12
MINSEQ 42375 0x090bc8 12
MINSEQ 42376 0x090bc8 12
MINSEQ 42377 0x090c58 12
MINSEQ 42378 0x090c58 12
MINSEQ 42379 0x090ca8 12
MINSEQ 42380 0x090ca8 12
MINSEQ 42381 0x090bd4 128
MINSEQ 42382 0x090bd4 128
MINSEQ 42383 0x090c54 2
MINSEQ 42384 0x090c54 2
MINSEQ 42385 0x070080 16
MINSEQ 42386 0x070080 16
MINSEQ 42387 0x070090 12
MINSEQ 42388 0x070090 12
MINSEQ 42389 0x070128 12
MINSEQ 42390 0x070128 12
MINSEQ 42391 0x070158 12
MINSEQ 42392 0x070158 12
MINSEQ 42393 0x0701a8 12
MINSEQ 42394 0x0701a8 12
MINSEQ 42395 0x0701d8 12
MINSEQ 42396 0x0701d8 12
MINSEQ 42397 0x070228 12
MINSEQ 42398 0x070228 12
MINSEQ 42399 0x070298 12
MINSEQ 42400 0x070298 12
MINSEQ 42401 0x070308 12
MINSEQ 42402 0x070308 12
MINSEQ 42403 0x07009c 136
MINSEQ 42404 0x07009c 136
MINSEQ 42405 0x070124 2
MINSEQ 42406 0x070124 2
MINSEQ 42407 0x0a0080 16
MINSEQ 42408 0x0a0080 16
MINSEQ 42409 0x0a0090 12
MINSEQ 42410 0x0a0090 12
MINSEQ 42411 0x0a0128 12
MINSEQ 42413 0x0a01c0 12
MINSEQ 42414 0x0a01c0 12
MINSEQ 42415 0x0a0258 12
MINSEQ 42416 0x0a0258 12
MINSEQ 42417 0x0a02f0 12
MINSEQ 42418 0x0a02f0 12
MINSEQ 42419 0x0a0388 12
MINSEQ 42420 0x0a0388 12
MINSEQ 42421 0x0a0420 12
MINSEQ 42422 0x0a0420 12
MINSEQ 42423 0x0a04b8 12
MINSEQ 42424 0x0a04b8 12
MINSEQ 42425 0x0a0550 12
MINSEQ 42426 0x0a0550 12
MINSEQ 42427 0x0a05e8 12
MINSEQ 42428 0x0a05e8 12
MINSEQ 42429 0x0a0618 12
MINSEQ 42430 0x0a0618 12
MINSEQ 42431 0x0a06b0 12
MINSEQ 42432 0x0a06b0 12
MINSEQ 42433 0x0a0748 12
MINSEQ 42434 0x0a0748 12
MINSEQ 42435 0x0a0798 12
MINSEQ 42436 0x0a0798 12
MINSEQ 42437 0x0a0830 12
MINSEQ 42438 0x0a0830 12
MINSEQ 42439 0x0a08c8 12
MINSEQ 42440 0x0a08c8 12
MINSEQ 42441 0x0a0960 12
MINSEQ 42442 0x0a0960 12
MINSEQ 42443 0x0a09f8 12
MINSEQ 42444 0x0a09f8 12
MINSEQ 42445 0x0a0a28 12
MINSEQ 42446 0x0a0a28 12
MINSEQ 42447 0x0a0ac0 12
MINSEQ 42448 0x0a0ac0 12
MINSEQ 42449 0x0a0b58 12
MINSEQ 42450 0x0a0b58 12
MINSEQ 42451 0x0a0bc8 12
MINSEQ 42452 0x0a0bc8 12
MINSEQ 42453 0x0a0c18 12
MINSEQ 42454 0x0a0c18 12
MINSEQ 42455 0x0a0c88 12
MINSEQ 42456 0x0a0c88 12
MINSEQ 42457 0x0a0acc 136
MINSEQ 42458 0x0a0acc 136
MINSEQ 42459 0x0a0b54 2
MINSEQ 42460 0x0a0b54 2
MINSEQ 42461 0x090080 16
MINSEQ 42462 0x090080 16
MINSEQ 42463 0x090090 12
MINSEQ 42464 0x090090 12
MINSEQ 42465 0x090128 12
MINSEQ 42466 0x090128 12
MINSEQ 42467 0x0901c0 12
MINSEQ 42468 0x0901c0 12
MINSEQ 42469 0x090258 12
MINSEQ 42470 0x090258 12
MINSEQ 42471 0x0902f0 12
MINSEQ 42472 0x0902f0 12
MINSEQ 42473 0x090388 12
MINSEQ 42474 0x090388 12
MINSEQ 42475 0x090420 12
MINSEQ 42476 0x090420 12
MINSEQ 42477 0x0904b8 12
MINSEQ 42478 0x0904b8 12
MINSEQ 42479 0x0904e8 12
MINSEQ 42480 0x0904e8 12
MINSEQ 42481 0x090580 12
MINSEQ 42482 0x090580 12
MINSEQ 42483 0x0905d0 12
MINSEQ 42484 0x0905d0 12
MINSEQ 42485 0x090668 12
MINSEQ 42486 0x090668 12
MINSEQ 42487 0x090700 12
MINSEQ 42488 0x090700 12
MINSEQ 42489 0x090798 12
MINSEQ 42490 0x090798 12
MINSEQ 42491 0x090830 12
MINSEQ 42492 0x090830 12
MINSEQ 42493 0x0908c8 12
MINSEQ 42494 0x0908c8 12
MINSEQ 42495 0x090960 12
MINSEQ 42496 0x090960 12
MINSEQ 42497 0x0909d0 12
MINSEQ 42498 0x0909d0 12
MINSEQ 42499 0x090a68 12
MINSEQ 42500 0x090a68 12
MINSEQ 42501 0x090a98 12
MINSEQ 42502 0x090a98 12
MINSEQ 42503 0x090b30 12
MINSEQ 42504 0x090b30 12
MINSEQ 42505 0x090bc8 12
MINSEQ 42506 0x090bc8 12
MINSEQ 42507 0x090c58 12
MINSEQ 42508 0x090c58 12
MINSEQ 42509 0x090ca8 12
MINSEQ 42510 0x090ca8 12
MINSEQ 42511 0x090bd4 128
MINSEQ 42512 0x090bd4 128
MINSEQ 42513 0x090c54 2
MINSEQ 42514 0x090c54 2
MINSEQ 42515 0x210080 16
MINSEQ 42516 0x210080 16
MINSEQ 42517 0x210090 12
MINSEQ 42518 0x210090 12
MINSEQ 42519 0x2100c0 12
MINSEQ 42520 0x2100c0 12
MINSEQ 42521 0x210110 12
MINSEQ 42522 0x210110 12
MINSEQ 42523 0x210140 12
MINSEQ 42524 0x210140 12
MINSEQ 42525 0x210190 12
MINSEQ 42526 0x210190 12
MINSEQ 42527 0x2101c0 12
MINSEQ 42528 0x2101c0 12
MINSEQ 42529 0x210230 12
MINSEQ 42530 0x210230 12
MINSEQ 42531 0x2102a0 12
MINSEQ 42532 0x2102a0 12
MINSEQ 42533 0x210330 12
MINSEQ 42534 0x210330 12
MINSEQ 42535 0x2103c0 12
MINSEQ 42536 0x2103c0 12
MINSEQ 42537 0x210410 12
MINSEQ 42538 0x210410 12
MINSEQ 42539 0x210480 12
MINSEQ 42540 0x210480 12
MINSEQ 42541 0x21041c 96
MINSEQ 42542 0x21041c 96
MINSEQ 42543 0x21047c 2
MINSEQ 42544 0x21047c 2
MINSEQ 42545 0x070080 16
MINSEQ 42546 0x070080 16
MINSEQ 42547 0x070090 12
MINSEQ 42548 0x070090 12
MINSEQ 42549 0x070128 12
MINSEQ 42550 0x070128 12
MINSEQ 42551 0x070158 12
MINSEQ 42552 0x070158 12
MINSEQ 42553 0x0701a8 12
MINSEQ 42554 0x0701a8 12
MINSEQ 42555 0x0701d8 12
MINSEQ 42556 0x0701d8 12
MINSEQ 42557 0x070228 12
MINSEQ 42558 0x070228 12
MINSEQ 42559 0x070298 12
MINSEQ 42560 0x070298 12
MINSEQ 42561 0x070308 12
MINSEQ 42562 0x070308 12
MINSEQ 42563 0x07009c 136
MINSEQ 42564 0x07009c 136
MINSEQ 42565 0x070124 2
MINSEQ 42566 0x070124 2
MINSEQ 42567 0x0a0080 16
MINSEQ 42568 0x0a0080 16
MINSEQ 42569 0x0a0090 12
MINSEQ 42570 0x0a0090 12
MINSEQ 42571 0x0a0128 12
MINSEQ 42572 0x0a0128 12
MINSEQ 42573 0x0a01c0 12
MINSEQ 42574 0x0a01c0 12
MINSEQ 42575 0x0a0258 12
MINSEQ 42576 0x0a0258 12
MINSEQ 42577 0x0a02f0 12
MINSEQ 42578 0x0a02f0 12
MINSEQ 42579 0x0a0388 12
MINSEQ 42580 0x0a0388 12
MINSEQ 42581 0x0a0420 12
MINSEQ 42582 0x0a0420 12
MINSEQ 42583 0x0a04b8 12
MINSEQ 42584 0x0a04b8 12
MINSEQ 42585 0x0a0550 12
MINSEQ 42586 0x0a0550 12
MINSEQ 42587 0x0a05e8 12
MINSEQ 42588 0x0a05e8 12
MINSEQ 42589 0x0a0618 12
MINSEQ 42590 0x0a0618 12
MINSEQ 42591 0x0a06b0 12
MINSEQ 42592 0x0a06b0 12
MINSEQ 42593 0x0a0748 12
MINSEQ 42594 0x0a0748 12
MINSEQ 42595 0x0a0798 12
MINSEQ 42596 0x0a0798 12
MINSEQ 42597 0x0a0830 12
MINSEQ 42598 0x0a0830 12
MINSEQ 42599 0x0a08c8 12
MINSEQ 42600 0x0a08c8 12
MINSEQ 42601 0x0a0960 12
MINSEQ 42602 0x0a0960 12
MINSEQ 42603 0x0a09f8 12
MINSEQ 42604 0x0a09f8 12
MINSEQ 42605 0x0a0a28 12
MINSEQ 42606 0x0a0a28 12
MINSEQ 42607 0x0a0ac0 12
MINSEQ 42608 0x0a0ac0 12
MINSEQ 42609 0x0a0b58 12
MINSEQ 42610 0x0a0b58 12
MINSEQ 42611 0x0a0bc8 12
MINSEQ 42612 0x0a0bc8 12
MINSEQ 42613 0x0a0c18 12
MINSEQ 42614 0x0a0c18 12
MINSEQ 42615 0x0a0c88 12
MINSEQ 42616 0x0a0c88 12
MINSEQ 42617 0x0a0acc 136
MINSEQ 42618 0x0a0acc 136
MINSEQ 42619 0x0a0b54 2
MINSEQ 42620 0x0a0b54 2
MINSEQ 42621 0x210080 16
MINSEQ 42622 0x210080 16
MINSEQ 42623 0x210090 12
MINSEQ 42624 0x210090 12
MINSEQ 42625 0x2100c0 12
MINSEQ 42626 0x2100c0 12
MINSEQ 42627 0x210110 12
MINSEQ 42628 0x210110 12
MINSEQ 42629 0x210140 12
MINSEQ 42630 0x210140 12
MINSEQ 42631 0x210190 12
MINSEQ 42632 0x210190 12
MINSEQ 42633 0x2101c0 12
MINSEQ 42634 0x2101c0 12
MINSEQ 42635 0x210230 12
MINSEQ 42636 0x210230 12
MINSEQ 42637 0x2102a0 12
MINSEQ 42638 0x2102a0 12
MINSEQ 42639 0x210330 12
MINSEQ 42640 0x210330 12
MINSEQ 42641 0x2103c0 12
MINSEQ 42642 0x2103c0 12
MINSEQ 42643 0x210410 12
MINSEQ 42644 0x210410 12
MINSEQ 42645 0x210480 12
MINSEQ 42646 0x210480 12
MINSEQ 42647 0x21041c 96
MINSEQ 42648 0x21041c 96
MINSEQ 42649 0x21047c 2
MINSEQ 42650 0x21047c 2
MINSEQ 42651 0x070080 16
MINSEQ 42652 0x070080 16
MINSEQ 42653 0x070090 12
MINSEQ 42654 0x070090 12
MINSEQ 42655 0x070128 12
MINSEQ 42656 0x070128 12
MINSEQ 42657 0x070158 12
MINSEQ 42658 0x070158 12
MINSEQ 42659 0x0701a8 12
MINSEQ 42660 0x0701a8 12
MINSEQ 42661 0x0701d8 12
MINSEQ 42662 0x0701d8 12
MINSEQ 42663 0x070228 12
MINSEQ 42664 0x070228 12
MINSEQ 42665 0x070298 12
MINSEQ 42666 0x070298 12
MINSEQ 42667 0x070308 12
MINSEQ 42668 0x070308 12
MINSEQ 42669 0x07009c 136
MINSEQ 42670 0x07009c 136
MINSEQ 42671 0x070124 2
MINSEQ 42672 0x070124 2
MINSEQ 42673 0x0a0080 16
MINSEQ 42674 0x0a0080 16
MINSEQ 42675 0x0a0090 12
MINSEQ 42676 0x0a0090 12
MINSEQ 42677 0x0a0128 12
MINSEQ 42678 0x0a0128 12
MINSEQ 42679 0x0a01c0 12
MINSEQ 42680 0x0a01c0 12
MINSEQ 42681 0x0a0258 12
MINSEQ 42682 0x0a0258 12
MINSEQ 42683 0x0a02f0 12
MINSEQ 42684 0x0a02f0 12
MINSEQ 42685 0x0a0388 12
MINSEQ 42686 0x0a0388 12
MINSEQ 42687 0x0a0420 12
MINSEQ 42688 0x0a0420 12
MINSEQ 42689 0x0a04b8 12
MINSEQ 42690 0x0a04b8 12
MINSEQ 42691 0x0a0550 12
MINSEQ 42692 0x0a0550 12
MINSEQ 42693 0x0a05e8 12
MINSEQ 42694 0x0a05e8 12
MINSEQ 42695 0x0a0618 12
MINSEQ 42696 0x0a0618 12
MINSEQ 42697 0x0a06b0 12
MINSEQ 42698 0x0a06b0 12
MINSEQ 42699 0x0a0748 12
MINSEQ 42700 0x0a0748 12
MINSEQ 42701 0x0a0798 12
MINSEQ 42702 0x0a0798 12
MINSEQ 42703 0x0a0830 12
MINSEQ 42704 0x0a0830 12
MINSEQ 42705 0x0a08c8 12
MINSEQ 42706 0x0a08c8 12
MINSEQ 42707 0x0a0960 12
MINSEQ 42708 0x0a0960 12
MINSEQ 42709 0x0a09f8 12
MINSEQ 42710 0x0a09f8 12
MINSEQ 42711 0x0a0a28 12
MINSEQ 42712 0x0a0a28 12
MINSEQ 42713 0x0a0ac0 12
MINSEQ 42714 0x0a0ac0 12
MINSEQ 42715 0x0a0b58 12
MINSEQ 42716 0x0a0b58 12
MINSEQ 42717 0x0a0bc8 12
MINSEQ 42718 0x0a0bc8 12
MINSEQ 42719 0x0a0c18 12
MINSEQ 42720 0x0a0c18 12
MINSEQ 42721 0x0a0c88 12
MINSEQ 42722 0x0a0c88 12
MINSEQ 42723 0x0a0acc 136
MINSEQ 42724 0x0a0acc 136
MINSEQ 42725 0x0a0b54 2
MINSEQ 42726 0x0a0b54 2
MINSEQ 42727 0x210080 16
MINSEQ 42728 0x210080 16
MINSEQ 42729 0x210090 12
MINSEQ 42730 0x210090 12
MINSEQ 42731 0x2100c0 12
MINSEQ 42732 0x2100c0 12
MINSEQ 42733 0x210110 12
MINSEQ 42734 0x210110 12
MINSEQ 42735 0x210140 12
MINSEQ 42736 0x210140 12
MINSEQ 42737 0x210190 12
MINSEQ 43294 0x3201bc 64
MINSEQ 43295 0x3201fc 2
MINSEQ target 0x180080 16
REPLAY DONE
